// Jest Snapshot v1, https://goo.gl/fbAQLP

exports[`弹窗组件 能够正确渲染 1`] = `
<View>
  <Modal
    animationType="fade"
    button={
      Array [
        Object {
          "callback": [Function],
          "name": "取消",
        },
        Object {
          "callback": [Function],
          "name": "确认",
        },
      ]
    }
    hardwareAccelerated={false}
    max="0"
    min="0"
    onRequestClose={[Function]}
    step={0.01}
    transparent={true}
    visible={false}
  >
    <View
      style={
        Object {
          "alignItems": "center",
          "backgroundColor": "#00000066",
          "flex": 1,
          "justifyContent": "center",
        }
      }
    >
      <View
        style={
          Object {
            "backgroundColor": "#ffffff",
            "borderRadius": 6,
            "marginLeft": 86,
            "marginRight": 85,
            "minWidth": 576,
          }
        }
      >
        <View
          style={
            Object {
              "marginLeft": 48,
              "marginRight": 53,
              "marginTop": 48,
            }
          }
        >
          <Text
            accessible={true}
            allowFontScaling={true}
            ellipsizeMode="tail"
            style={
              Object {
                "color": "#212121",
                "fontSize": 40,
                "marginBottom": 48,
              }
            }
          >
            设置止盈止送
          </Text>
          <View
            style={
              Object {
                "marginBottom": 32,
              }
            }
          >
            <View>
              <Text
                accessible={true}
                allowFontScaling={true}
                ellipsizeMode="tail"
                style={
                  Object {
                    "color": "#757575",
                    "fontSize": 28,
                    "marginBottom": 29.8,
                  }
                }
              >
                止损
              </Text>
              <View
                style={
                  Object {
                    "flexDirection": "row",
                  }
                }
              >
                <View
                  accessibilityComponentType={undefined}
                  accessibilityLabel={undefined}
                  accessibilityTraits={undefined}
                  accessible={true}
                  hitSlop={undefined}
                  nativeID={undefined}
                  onLayout={undefined}
                  onResponderGrant={[Function]}
                  onResponderMove={[Function]}
                  onResponderRelease={[Function]}
                  onResponderTerminate={[Function]}
                  onResponderTerminationRequest={[Function]}
                  onStartShouldSetResponder={[Function]}
                  style={
                    Array [
                      Object {
                        "backgroundColor": "#rgba(232,59,59,0.2)",
                        "borderColor": "#e83b3b",
                        "borderWidth": 1,
                        "height": 60,
                        "justifyContent": "center",
                        "width": 60,
                      },
                      null,
                    ]
                  }
                  testID={undefined}
                >
                  <Text
                    accessible={true}
                    allowFontScaling={true}
                    ellipsizeMode="tail"
                    style={
                      Array [
                        Object {
                          "color": "#e83b3b",
                          "fontSize": 32,
                          "textAlign": "center",
                        },
                        null,
                      ]
                    }
                  >
                    -
                  </Text>
                </View>
                <View
                  style={
                    Array [
                      Object {
                        "marginLeft": 14,
                        "marginRight": 14,
                      },
                      Object {
                        "flex": 1,
                      },
                    ]
                  }
                >
                  <TextInput
                    allowFontScaling={true}
                    editable={true}
                    inputStyle={
                      Object {
                        "width": "100%",
                      }
                    }
                    keyboardType="numeric"
                    onBlur={[Function]}
                    onChange={[Function]}
                    placeholder="请输入"
                    style={
                      Array [
                        Object {
                          "borderColor": "#bdbdbd",
                          "borderWidth": 0.5,
                          "color": "#212121",
                          "fontSize": 28,
                          "height": 60,
                          "padding": 0,
                          "textAlign": "center",
                          "width": 250,
                        },
                        Object {
                          "width": "100%",
                        },
                      ]
                    }
                    thousandSeparator=","
                    type="money"
                    underlineColorAndroid="transparent"
                    value="0"
                  />
                </View>
                <View
                  accessibilityComponentType={undefined}
                  accessibilityLabel={undefined}
                  accessibilityTraits={undefined}
                  accessible={true}
                  hitSlop={undefined}
                  nativeID={undefined}
                  onLayout={undefined}
                  onResponderGrant={[Function]}
                  onResponderMove={[Function]}
                  onResponderRelease={[Function]}
                  onResponderTerminate={[Function]}
                  onResponderTerminationRequest={[Function]}
                  onStartShouldSetResponder={[Function]}
                  style={
                    Array [
                      Object {
                        "backgroundColor": "#rgba(232,59,59,0.2)",
                        "borderColor": "#e83b3b",
                        "borderWidth": 1,
                        "height": 60,
                        "justifyContent": "center",
                        "width": 60,
                      },
                      null,
                    ]
                  }
                  testID={undefined}
                >
                  <Text
                    accessible={true}
                    allowFontScaling={true}
                    ellipsizeMode="tail"
                    style={
                      Array [
                        Object {
                          "color": "#e83b3b",
                          "fontSize": 32,
                          "textAlign": "center",
                        },
                        null,
                      ]
                    }
                  >
                    +
                  </Text>
                </View>
              </View>
              <Text
                accessible={true}
                allowFontScaling={true}
                ellipsizeMode="tail"
                style={
                  Array [
                    Object {
                      "color": "#757575",
                      "fontSize": 28,
                      "marginBottom": 29.8,
                    },
                    Object {
                      "marginTop": 31.2,
                    },
                  ]
                }
              >
                止盈
              </Text>
              <View
                style={
                  Object {
                    "flexDirection": "row",
                  }
                }
              >
                <View
                  accessibilityComponentType={undefined}
                  accessibilityLabel={undefined}
                  accessibilityTraits={undefined}
                  accessible={true}
                  hitSlop={undefined}
                  nativeID={undefined}
                  onLayout={undefined}
                  onResponderGrant={[Function]}
                  onResponderMove={[Function]}
                  onResponderRelease={[Function]}
                  onResponderTerminate={[Function]}
                  onResponderTerminationRequest={[Function]}
                  onStartShouldSetResponder={[Function]}
                  style={
                    Array [
                      Object {
                        "backgroundColor": "#rgba(232,59,59,0.2)",
                        "borderColor": "#e83b3b",
                        "borderWidth": 1,
                        "height": 60,
                        "justifyContent": "center",
                        "width": 60,
                      },
                      null,
                    ]
                  }
                  testID={undefined}
                >
                  <Text
                    accessible={true}
                    allowFontScaling={true}
                    ellipsizeMode="tail"
                    style={
                      Array [
                        Object {
                          "color": "#e83b3b",
                          "fontSize": 32,
                          "textAlign": "center",
                        },
                        null,
                      ]
                    }
                  >
                    -
                  </Text>
                </View>
                <View
                  style={
                    Array [
                      Object {
                        "marginLeft": 14,
                        "marginRight": 14,
                      },
                      Object {
                        "flex": 1,
                      },
                    ]
                  }
                >
                  <TextInput
                    allowFontScaling={true}
                    editable={true}
                    inputStyle={
                      Object {
                        "width": "100%",
                      }
                    }
                    keyboardType="numeric"
                    onBlur={[Function]}
                    onChange={[Function]}
                    placeholder="请输入"
                    style={
                      Array [
                        Object {
                          "borderColor": "#bdbdbd",
                          "borderWidth": 0.5,
                          "color": "#212121",
                          "fontSize": 28,
                          "height": 60,
                          "padding": 0,
                          "textAlign": "center",
                          "width": 250,
                        },
                        Object {
                          "width": "100%",
                        },
                      ]
                    }
                    thousandSeparator=","
                    type="money"
                    underlineColorAndroid="transparent"
                    value="0"
                  />
                </View>
                <View
                  accessibilityComponentType={undefined}
                  accessibilityLabel={undefined}
                  accessibilityTraits={undefined}
                  accessible={true}
                  hitSlop={undefined}
                  nativeID={undefined}
                  onLayout={undefined}
                  onResponderGrant={[Function]}
                  onResponderMove={[Function]}
                  onResponderRelease={[Function]}
                  onResponderTerminate={[Function]}
                  onResponderTerminationRequest={[Function]}
                  onStartShouldSetResponder={[Function]}
                  style={
                    Array [
                      Object {
                        "backgroundColor": "#rgba(232,59,59,0.2)",
                        "borderColor": "#e83b3b",
                        "borderWidth": 1,
                        "height": 60,
                        "justifyContent": "center",
                        "width": 60,
                      },
                      null,
                    ]
                  }
                  testID={undefined}
                >
                  <Text
                    accessible={true}
                    allowFontScaling={true}
                    ellipsizeMode="tail"
                    style={
                      Array [
                        Object {
                          "color": "#e83b3b",
                          "fontSize": 32,
                          "textAlign": "center",
                        },
                        null,
                      ]
                    }
                  >
                    +
                  </Text>
                </View>
              </View>
            </View>
          </View>
        </View>
        <View
          style={
            Object {
              "alignItems": "center",
              "flexDirection": "row",
              "height": 96,
              "justifyContent": "flex-end",
              "marginBottom": 16,
            }
          }
        >
          <View
            accessibilityComponentType={undefined}
            accessibilityLabel={undefined}
            accessibilityTraits={undefined}
            accessible={true}
            collapsable={undefined}
            hasTVPreferredFocus={undefined}
            hitSlop={undefined}
            isTVSelectable={true}
            nativeID={undefined}
            onLayout={undefined}
            onResponderGrant={[Function]}
            onResponderMove={[Function]}
            onResponderRelease={[Function]}
            onResponderTerminate={[Function]}
            onResponderTerminationRequest={[Function]}
            onStartShouldSetResponder={[Function]}
            style={
              Object {
                "alignItems": "center",
                "borderColor": "#e0e0e0",
                "height": 72,
                "justifyContent": "center",
                "marginRight": 32,
                "opacity": 1,
                "width": 160,
              }
            }
            testID={undefined}
            tvParallaxProperties={undefined}
          >
            <Text
              accessible={true}
              allowFontScaling={true}
              ellipsizeMode="tail"
              style={
                Array [
                  Array [
                    Object {
                      "color": "#e83b3b",
                      "flex": 1,
                      "fontSize": 32,
                      "textAlign": "right",
                      "textAlignVertical": "center",
                    },
                    Object {
                      "color": "#757575",
                    },
                  ],
                  undefined,
                ]
              }
            >
              取消
            </Text>
          </View>
          <View
            accessibilityComponentType={undefined}
            accessibilityLabel={undefined}
            accessibilityTraits={undefined}
            accessible={true}
            collapsable={undefined}
            hasTVPreferredFocus={undefined}
            hitSlop={undefined}
            isTVSelectable={true}
            nativeID={undefined}
            onLayout={undefined}
            onResponderGrant={[Function]}
            onResponderMove={[Function]}
            onResponderRelease={[Function]}
            onResponderTerminate={[Function]}
            onResponderTerminationRequest={[Function]}
            onStartShouldSetResponder={[Function]}
            style={
              Object {
                "alignItems": "center",
                "borderColor": "#e0e0e0",
                "height": 72,
                "justifyContent": "center",
                "marginRight": 32,
                "opacity": 1,
                "width": 160,
              }
            }
            testID={undefined}
            tvParallaxProperties={undefined}
          >
            <Text
              accessible={true}
              allowFontScaling={true}
              ellipsizeMode="tail"
              style={
                Array [
                  Array [
                    Object {
                      "color": "#e83b3b",
                      "flex": 1,
                      "fontSize": 32,
                      "textAlign": "right",
                      "textAlignVertical": "center",
                    },
                    undefined,
                  ],
                  undefined,
                ]
              }
            >
              确认
            </Text>
          </View>
        </View>
      </View>
    </View>
  </Modal>
</View>
`;
