// Jest Snapshot v1, https://goo.gl/fbAQLP

exports[`弹窗组件 能够正确渲染 1`] = `
<View>
  <Modal
    animationType="fade"
    button={
      Array [
        Object {
          "callback": [Function],
          "name": "按钮",
        },
      ]
    }
    hardwareAccelerated={false}
    onRequestClose={[Function]}
    transparent={true}
    visible={false}
  >
    <View
      style={
        Object {
          "alignItems": "center",
          "backgroundColor": "#00000066",
          "flex": 1,
          "justifyContent": "center",
        }
      }
    >
      <View
        style={
          Object {
            "backgroundColor": "#ffffff",
            "borderRadius": 6,
            "marginLeft": 86,
            "marginRight": 85,
            "minWidth": 576,
          }
        }
      >
        <View
          style={
            Object {
              "marginLeft": 48,
              "marginRight": 53,
              "marginTop": 48,
            }
          }
        >
          <Text
            accessible={true}
            allowFontScaling={true}
            ellipsizeMode="tail"
            style={
              Object {
                "color": "#212121",
                "fontSize": 40,
                "marginBottom": 48,
              }
            }
          >
            标题
          </Text>
          <Text
            accessible={true}
            allowFontScaling={true}
            ellipsizeMode="tail"
            style={
              Object {
                "color": "#757575",
                "fontSize": 28,
                "lineHeight": 48,
                "marginBottom": 32,
              }
            }
          >
            内容
          </Text>
        </View>
        <View
          style={
            Object {
              "alignItems": "center",
              "flexDirection": "row",
              "height": 96,
              "justifyContent": "flex-end",
              "marginBottom": 16,
            }
          }
        >
          <View
            accessibilityComponentType={undefined}
            accessibilityLabel={undefined}
            accessibilityTraits={undefined}
            accessible={true}
            collapsable={undefined}
            hasTVPreferredFocus={undefined}
            hitSlop={undefined}
            isTVSelectable={true}
            nativeID={undefined}
            onLayout={undefined}
            onResponderGrant={[Function]}
            onResponderMove={[Function]}
            onResponderRelease={[Function]}
            onResponderTerminate={[Function]}
            onResponderTerminationRequest={[Function]}
            onStartShouldSetResponder={[Function]}
            style={
              Object {
                "alignItems": "center",
                "borderColor": "#e0e0e0",
                "height": 72,
                "justifyContent": "center",
                "marginRight": 32,
                "opacity": 1,
                "width": 160,
              }
            }
            testID={undefined}
            tvParallaxProperties={undefined}
          >
            <Text
              accessible={true}
              allowFontScaling={true}
              ellipsizeMode="tail"
              style={
                Array [
                  Array [
                    Object {
                      "color": "#e83b3b",
                      "flex": 1,
                      "fontSize": 32,
                      "textAlign": "right",
                      "textAlignVertical": "center",
                    },
                  ],
                  undefined,
                ]
              }
            >
              按钮
            </Text>
          </View>
        </View>
      </View>
    </View>
  </Modal>
</View>
`;
